MAP
    NAME          "wellington-nz-coastlines"
    EXTENT        6289755.442237 -3805984.513519 6292696.369653 -3805245.394890

    UNITS         meters
    SIZE          800 600

    IMAGETYPE     PNG

    PROJECTION
          "init=epsg:3994"
    END

    WEB
      IMAGEPATH "/ms4w/tmp/ms_tmp/"
      IMAGEURL "/ms_tmp/"
      METADATA
        ows_title          "wellington-nz-coastlines"
        ows_format         "PNG"
        ows_server_version "1.1.1"
        ows_srs            "EPSG:3994 EPSG:4326"
        ows_onlineresource "http://localhost/cgi-bin/mapserv?map=/home/woodj/Documents/solid-waffle/src/mapfile/nz-coastlines-topo.map&"
        ows_abstract       "A map of the Wellington Coastline NZ."
        ows_enable_request "*"
      END
    END

    LAYER
      NAME "coastlines"
      TYPE Line
      STATUS ON
      CONNECTIONTYPE POSTGIS
      CONNECTION "dbname=solidwaffle host=localhost port=5432 user=woodj password=1234"
      PROCESSING "CLOSE_CONNECTION=DEFER"
      DATA 'geom from "public"."nz-coastlines-topo-150k" using srid=3994 using unique gid'

      METADATA
        ows_title "coastlines"
      END

      CLASS
        STYLE
            COLOR "#FF00FF"
            WIDTH 3.0
          END
       END
    END

    LAYER
      NAME "sea"
      DATA "../tiff/sea.tif"
      TYPE Raster
      STATUS ON

      METADATA
        ows_title "sea"
      END

      COMPOSITE
        OPACITY 50
      END
    END

    LAYER
      NAME "land"
      DATA "../tiff/land.tif"
      TYPE Raster
      STATUS ON

      METADATA
        ows_title "land"
      END

      COMPOSITE
        OPACITY 50
      END
    END
END
